---------------------------------------
Begin Slurm Prolog: Aug-31-2026 19:57:35
Job ID:    12641596
User ID:   clinder9
Account:   gts-mtao8
Job name:  quick
Partition: cpu-large
QOS:       inferno
---------------------------------------
Audited 139 packages in 76ms
odict_keys(['resid_lambdas', 'x0_lambdas', 'transformer.wte.weight', 'transformer.h.0.attn.c_q.weight', 'transformer.h.0.attn.c_k.weight', 'transformer.h.0.attn.c_v.weight', 'transformer.h.0.attn.c_proj.weight', 'transformer.h.0.mlp.c_fc.weight', 'transformer.h.0.mlp.c_proj.weight', 'transformer.h.1.attn.c_q.weight', 'transformer.h.1.attn.c_k.weight', 'transformer.h.1.attn.c_v.weight', 'transformer.h.1.attn.c_proj.weight', 'transformer.h.1.attn.ve_gate.weight', 'transformer.h.1.mlp.c_fc.weight', 'transformer.h.1.mlp.c_proj.weight', 'transformer.h.2.attn.c_q.weight', 'transformer.h.2.attn.c_k.weight', 'transformer.h.2.attn.c_v.weight', 'transformer.h.2.attn.c_proj.weight', 'transformer.h.2.mlp.c_fc.weight', 'transformer.h.2.mlp.c_proj.weight', 'transformer.h.3.attn.c_q.weight', 'transformer.h.3.attn.c_k.weight', 'transformer.h.3.attn.c_v.weight', 'transformer.h.3.attn.c_proj.weight', 'transformer.h.3.attn.ve_gate.weight', 'transformer.h.3.mlp.c_fc.weight', 'transformer.h.3.mlp.c_proj.weight', 'transformer.h.4.attn.c_q.weight', 'transformer.h.4.attn.c_k.weight', 'transformer.h.4.attn.c_v.weight', 'transformer.h.4.attn.c_proj.weight', 'transformer.h.4.mlp.c_fc.weight', 'transformer.h.4.mlp.c_proj.weight', 'transformer.h.5.attn.c_q.weight', 'transformer.h.5.attn.c_k.weight', 'transformer.h.5.attn.c_v.weight', 'transformer.h.5.attn.c_proj.weight', 'transformer.h.5.attn.ve_gate.weight', 'transformer.h.5.mlp.c_fc.weight', 'transformer.h.5.mlp.c_proj.weight', 'transformer.h.6.attn.c_q.weight', 'transformer.h.6.attn.c_k.weight', 'transformer.h.6.attn.c_v.weight', 'transformer.h.6.attn.c_proj.weight', 'transformer.h.6.mlp.c_fc.weight', 'transformer.h.6.mlp.c_proj.weight', 'transformer.h.7.attn.c_q.weight', 'transformer.h.7.attn.c_k.weight', 'transformer.h.7.attn.c_v.weight', 'transformer.h.7.attn.c_proj.weight', 'transformer.h.7.attn.ve_gate.weight', 'transformer.h.7.mlp.c_fc.weight', 'transformer.h.7.mlp.c_proj.weight', 'transformer.h.8.attn.c_q.weight', 'transformer.h.8.attn.c_k.weight', 'transformer.h.8.attn.c_v.weight', 'transformer.h.8.attn.c_proj.weight', 'transformer.h.8.mlp.c_fc.weight', 'transformer.h.8.mlp.c_proj.weight', 'transformer.h.9.attn.c_q.weight', 'transformer.h.9.attn.c_k.weight', 'transformer.h.9.attn.c_v.weight', 'transformer.h.9.attn.c_proj.weight', 'transformer.h.9.attn.ve_gate.weight', 'transformer.h.9.mlp.c_fc.weight', 'transformer.h.9.mlp.c_proj.weight', 'transformer.h.10.attn.c_q.weight', 'transformer.h.10.attn.c_k.weight', 'transformer.h.10.attn.c_v.weight', 'transformer.h.10.attn.c_proj.weight', 'transformer.h.10.mlp.c_fc.weight', 'transformer.h.10.mlp.c_proj.weight', 'transformer.h.11.attn.c_q.weight', 'transformer.h.11.attn.c_k.weight', 'transformer.h.11.attn.c_v.weight', 'transformer.h.11.attn.c_proj.weight', 'transformer.h.11.attn.ve_gate.weight', 'transformer.h.11.mlp.c_fc.weight', 'transformer.h.11.mlp.c_proj.weight', 'transformer.h.12.attn.c_q.weight', 'transformer.h.12.attn.c_k.weight', 'transformer.h.12.attn.c_v.weight', 'transformer.h.12.attn.c_proj.weight', 'transformer.h.12.mlp.c_fc.weight', 'transformer.h.12.mlp.c_proj.weight', 'transformer.h.13.attn.c_q.weight', 'transformer.h.13.attn.c_k.weight', 'transformer.h.13.attn.c_v.weight', 'transformer.h.13.attn.c_proj.weight', 'transformer.h.13.attn.ve_gate.weight', 'transformer.h.13.mlp.c_fc.weight', 'transformer.h.13.mlp.c_proj.weight', 'transformer.h.14.attn.c_q.weight', 'transformer.h.14.attn.c_k.weight', 'transformer.h.14.attn.c_v.weight', 'transformer.h.14.attn.c_proj.weight', 'transformer.h.14.mlp.c_fc.weight', 'transformer.h.14.mlp.c_proj.weight', 'transformer.h.15.attn.c_q.weight', 'transformer.h.15.attn.c_k.weight', 'transformer.h.15.attn.c_v.weight', 'transformer.h.15.attn.c_proj.weight', 'transformer.h.15.attn.ve_gate.weight', 'transformer.h.15.mlp.c_fc.weight', 'transformer.h.15.mlp.c_proj.weight', 'transformer.h.16.attn.c_q.weight', 'transformer.h.16.attn.c_k.weight', 'transformer.h.16.attn.c_v.weight', 'transformer.h.16.attn.c_proj.weight', 'transformer.h.16.mlp.c_fc.weight', 'transformer.h.16.mlp.c_proj.weight', 'transformer.h.17.attn.c_q.weight', 'transformer.h.17.attn.c_k.weight', 'transformer.h.17.attn.c_v.weight', 'transformer.h.17.attn.c_proj.weight', 'transformer.h.17.attn.ve_gate.weight', 'transformer.h.17.mlp.c_fc.weight', 'transformer.h.17.mlp.c_proj.weight', 'transformer.h.18.attn.c_q.weight', 'transformer.h.18.attn.c_k.weight', 'transformer.h.18.attn.c_v.weight', 'transformer.h.18.attn.c_proj.weight', 'transformer.h.18.mlp.c_fc.weight', 'transformer.h.18.mlp.c_proj.weight', 'transformer.h.19.attn.c_q.weight', 'transformer.h.19.attn.c_k.weight', 'transformer.h.19.attn.c_v.weight', 'transformer.h.19.attn.c_proj.weight', 'transformer.h.19.attn.ve_gate.weight', 'transformer.h.19.mlp.c_fc.weight', 'transformer.h.19.mlp.c_proj.weight', 'transformer.h.20.attn.c_q.weight', 'transformer.h.20.attn.c_k.weight', 'transformer.h.20.attn.c_v.weight', 'transformer.h.20.attn.c_proj.weight', 'transformer.h.20.mlp.c_fc.weight', 'transformer.h.20.mlp.c_proj.weight', 'transformer.h.21.attn.c_q.weight', 'transformer.h.21.attn.c_k.weight', 'transformer.h.21.attn.c_v.weight', 'transformer.h.21.attn.c_proj.weight', 'transformer.h.21.attn.ve_gate.weight', 'transformer.h.21.mlp.c_fc.weight', 'transformer.h.21.mlp.c_proj.weight', 'transformer.h.22.attn.c_q.weight', 'transformer.h.22.attn.c_k.weight', 'transformer.h.22.attn.c_v.weight', 'transformer.h.22.attn.c_proj.weight', 'transformer.h.22.mlp.c_fc.weight', 'transformer.h.22.mlp.c_proj.weight', 'transformer.h.23.attn.c_q.weight', 'transformer.h.23.attn.c_k.weight', 'transformer.h.23.attn.c_v.weight', 'transformer.h.23.attn.c_proj.weight', 'transformer.h.23.attn.ve_gate.weight', 'transformer.h.23.mlp.c_fc.weight', 'transformer.h.23.mlp.c_proj.weight', 'lm_head.weight', 'value_embeds.1.weight', 'value_embeds.3.weight', 'value_embeds.5.weight', 'value_embeds.7.weight', 'value_embeds.9.weight', 'value_embeds.11.weight', 'value_embeds.13.weight', 'value_embeds.15.weight', 'value_embeds.17.weight', 'value_embeds.19.weight', 'value_embeds.21.weight', 'value_embeds.23.weight'])
Traceback (most recent call last):
  File "/storage/project/r-mtao8-0/clinder9/stiefel-nanochat/quickanalysis.py", line 9, in <module>
    print(k, torch.linalg.norm(w1[k]-w2[k], ord='fro'))
             ^^^^^^^^^^^^^^^^^^^^^^^^^^^^^^^^^^^^^^^^^
RuntimeError: linalg.matrix_norm: The input tensor A must have at least 2 dimensions.
---------------------------------------
Begin Slurm Epilog: Aug-31-2026 19:57:46
Job ID:        12641596
User ID:       clinder9
Account:       gts-mtao8
Job name:      quick
Resources:     cpu=1,mem=100G,node=1
Rsrc Used:     cput=00:00:14,vmem=0,walltime=00:00:14,mem=12704268K,energy_used=0
Partition:     cpu-large
QOS:           inferno
Nodes:         atl1-1-03-004-6-1
---------------------------------------
