---------------------------------------
Begin Slurm Prolog: Aug-31-2026 19:59:39
Job ID:    12641616
User ID:   clinder9
Account:   gts-mtao8
Job name:  quick
Partition: cpu-large
QOS:       inferno
---------------------------------------
Audited 139 packages in 57ms
odict_keys(['resid_lambdas', 'x0_lambdas', 'transformer.wte.weight', 'transformer.h.0.attn.c_q.weight', 'transformer.h.0.attn.c_k.weight', 'transformer.h.0.attn.c_v.weight', 'transformer.h.0.attn.c_proj.weight', 'transformer.h.0.mlp.c_fc.weight', 'transformer.h.0.mlp.c_proj.weight', 'transformer.h.1.attn.c_q.weight', 'transformer.h.1.attn.c_k.weight', 'transformer.h.1.attn.c_v.weight', 'transformer.h.1.attn.c_proj.weight', 'transformer.h.1.attn.ve_gate.weight', 'transformer.h.1.mlp.c_fc.weight', 'transformer.h.1.mlp.c_proj.weight', 'transformer.h.2.attn.c_q.weight', 'transformer.h.2.attn.c_k.weight', 'transformer.h.2.attn.c_v.weight', 'transformer.h.2.attn.c_proj.weight', 'transformer.h.2.mlp.c_fc.weight', 'transformer.h.2.mlp.c_proj.weight', 'transformer.h.3.attn.c_q.weight', 'transformer.h.3.attn.c_k.weight', 'transformer.h.3.attn.c_v.weight', 'transformer.h.3.attn.c_proj.weight', 'transformer.h.3.attn.ve_gate.weight', 'transformer.h.3.mlp.c_fc.weight', 'transformer.h.3.mlp.c_proj.weight', 'transformer.h.4.attn.c_q.weight', 'transformer.h.4.attn.c_k.weight', 'transformer.h.4.attn.c_v.weight', 'transformer.h.4.attn.c_proj.weight', 'transformer.h.4.mlp.c_fc.weight', 'transformer.h.4.mlp.c_proj.weight', 'transformer.h.5.attn.c_q.weight', 'transformer.h.5.attn.c_k.weight', 'transformer.h.5.attn.c_v.weight', 'transformer.h.5.attn.c_proj.weight', 'transformer.h.5.attn.ve_gate.weight', 'transformer.h.5.mlp.c_fc.weight', 'transformer.h.5.mlp.c_proj.weight', 'transformer.h.6.attn.c_q.weight', 'transformer.h.6.attn.c_k.weight', 'transformer.h.6.attn.c_v.weight', 'transformer.h.6.attn.c_proj.weight', 'transformer.h.6.mlp.c_fc.weight', 'transformer.h.6.mlp.c_proj.weight', 'transformer.h.7.attn.c_q.weight', 'transformer.h.7.attn.c_k.weight', 'transformer.h.7.attn.c_v.weight', 'transformer.h.7.attn.c_proj.weight', 'transformer.h.7.attn.ve_gate.weight', 'transformer.h.7.mlp.c_fc.weight', 'transformer.h.7.mlp.c_proj.weight', 'transformer.h.8.attn.c_q.weight', 'transformer.h.8.attn.c_k.weight', 'transformer.h.8.attn.c_v.weight', 'transformer.h.8.attn.c_proj.weight', 'transformer.h.8.mlp.c_fc.weight', 'transformer.h.8.mlp.c_proj.weight', 'transformer.h.9.attn.c_q.weight', 'transformer.h.9.attn.c_k.weight', 'transformer.h.9.attn.c_v.weight', 'transformer.h.9.attn.c_proj.weight', 'transformer.h.9.attn.ve_gate.weight', 'transformer.h.9.mlp.c_fc.weight', 'transformer.h.9.mlp.c_proj.weight', 'transformer.h.10.attn.c_q.weight', 'transformer.h.10.attn.c_k.weight', 'transformer.h.10.attn.c_v.weight', 'transformer.h.10.attn.c_proj.weight', 'transformer.h.10.mlp.c_fc.weight', 'transformer.h.10.mlp.c_proj.weight', 'transformer.h.11.attn.c_q.weight', 'transformer.h.11.attn.c_k.weight', 'transformer.h.11.attn.c_v.weight', 'transformer.h.11.attn.c_proj.weight', 'transformer.h.11.attn.ve_gate.weight', 'transformer.h.11.mlp.c_fc.weight', 'transformer.h.11.mlp.c_proj.weight', 'transformer.h.12.attn.c_q.weight', 'transformer.h.12.attn.c_k.weight', 'transformer.h.12.attn.c_v.weight', 'transformer.h.12.attn.c_proj.weight', 'transformer.h.12.mlp.c_fc.weight', 'transformer.h.12.mlp.c_proj.weight', 'transformer.h.13.attn.c_q.weight', 'transformer.h.13.attn.c_k.weight', 'transformer.h.13.attn.c_v.weight', 'transformer.h.13.attn.c_proj.weight', 'transformer.h.13.attn.ve_gate.weight', 'transformer.h.13.mlp.c_fc.weight', 'transformer.h.13.mlp.c_proj.weight', 'transformer.h.14.attn.c_q.weight', 'transformer.h.14.attn.c_k.weight', 'transformer.h.14.attn.c_v.weight', 'transformer.h.14.attn.c_proj.weight', 'transformer.h.14.mlp.c_fc.weight', 'transformer.h.14.mlp.c_proj.weight', 'transformer.h.15.attn.c_q.weight', 'transformer.h.15.attn.c_k.weight', 'transformer.h.15.attn.c_v.weight', 'transformer.h.15.attn.c_proj.weight', 'transformer.h.15.attn.ve_gate.weight', 'transformer.h.15.mlp.c_fc.weight', 'transformer.h.15.mlp.c_proj.weight', 'transformer.h.16.attn.c_q.weight', 'transformer.h.16.attn.c_k.weight', 'transformer.h.16.attn.c_v.weight', 'transformer.h.16.attn.c_proj.weight', 'transformer.h.16.mlp.c_fc.weight', 'transformer.h.16.mlp.c_proj.weight', 'transformer.h.17.attn.c_q.weight', 'transformer.h.17.attn.c_k.weight', 'transformer.h.17.attn.c_v.weight', 'transformer.h.17.attn.c_proj.weight', 'transformer.h.17.attn.ve_gate.weight', 'transformer.h.17.mlp.c_fc.weight', 'transformer.h.17.mlp.c_proj.weight', 'transformer.h.18.attn.c_q.weight', 'transformer.h.18.attn.c_k.weight', 'transformer.h.18.attn.c_v.weight', 'transformer.h.18.attn.c_proj.weight', 'transformer.h.18.mlp.c_fc.weight', 'transformer.h.18.mlp.c_proj.weight', 'transformer.h.19.attn.c_q.weight', 'transformer.h.19.attn.c_k.weight', 'transformer.h.19.attn.c_v.weight', 'transformer.h.19.attn.c_proj.weight', 'transformer.h.19.attn.ve_gate.weight', 'transformer.h.19.mlp.c_fc.weight', 'transformer.h.19.mlp.c_proj.weight', 'transformer.h.20.attn.c_q.weight', 'transformer.h.20.attn.c_k.weight', 'transformer.h.20.attn.c_v.weight', 'transformer.h.20.attn.c_proj.weight', 'transformer.h.20.mlp.c_fc.weight', 'transformer.h.20.mlp.c_proj.weight', 'transformer.h.21.attn.c_q.weight', 'transformer.h.21.attn.c_k.weight', 'transformer.h.21.attn.c_v.weight', 'transformer.h.21.attn.c_proj.weight', 'transformer.h.21.attn.ve_gate.weight', 'transformer.h.21.mlp.c_fc.weight', 'transformer.h.21.mlp.c_proj.weight', 'transformer.h.22.attn.c_q.weight', 'transformer.h.22.attn.c_k.weight', 'transformer.h.22.attn.c_v.weight', 'transformer.h.22.attn.c_proj.weight', 'transformer.h.22.mlp.c_fc.weight', 'transformer.h.22.mlp.c_proj.weight', 'transformer.h.23.attn.c_q.weight', 'transformer.h.23.attn.c_k.weight', 'transformer.h.23.attn.c_v.weight', 'transformer.h.23.attn.c_proj.weight', 'transformer.h.23.attn.ve_gate.weight', 'transformer.h.23.mlp.c_fc.weight', 'transformer.h.23.mlp.c_proj.weight', 'lm_head.weight', 'value_embeds.1.weight', 'value_embeds.3.weight', 'value_embeds.5.weight', 'value_embeds.7.weight', 'value_embeds.9.weight', 'value_embeds.11.weight', 'value_embeds.13.weight', 'value_embeds.15.weight', 'value_embeds.17.weight', 'value_embeds.19.weight', 'value_embeds.21.weight', 'value_embeds.23.weight'])
resid_lambdas tensor(1.2164)
x0_lambdas tensor(95.4751)
transformer.wte.weight tensor(76288., dtype=torch.bfloat16)
transformer.h.0.attn.c_q.weight tensor(149.9584)
transformer.h.0.attn.c_k.weight tensor(144.9894)
transformer.h.0.attn.c_v.weight tensor(141.4483)
transformer.h.0.attn.c_proj.weight tensor(200.5573)
transformer.h.0.mlp.c_fc.weight tensor(397.8989)
transformer.h.0.mlp.c_proj.weight tensor(220.0776)
transformer.h.1.attn.c_q.weight tensor(154.0605)
transformer.h.1.attn.c_k.weight tensor(151.7495)
transformer.h.1.attn.c_v.weight tensor(163.0730)
transformer.h.1.attn.c_proj.weight tensor(205.2296)
transformer.h.1.attn.ve_gate.weight tensor(15.1504)
transformer.h.1.mlp.c_fc.weight tensor(395.1923)
transformer.h.1.mlp.c_proj.weight tensor(228.8274)
transformer.h.2.attn.c_q.weight tensor(151.3935)
transformer.h.2.attn.c_k.weight tensor(150.1671)
transformer.h.2.attn.c_v.weight tensor(156.5014)
transformer.h.2.attn.c_proj.weight tensor(220.5089)
transformer.h.2.mlp.c_fc.weight tensor(395.3807)
transformer.h.2.mlp.c_proj.weight tensor(230.6366)
transformer.h.3.attn.c_q.weight tensor(152.4119)
transformer.h.3.attn.c_k.weight tensor(152.7334)
transformer.h.3.attn.c_v.weight tensor(164.6169)
transformer.h.3.attn.c_proj.weight tensor(216.0665)
transformer.h.3.attn.ve_gate.weight tensor(20.4081)
transformer.h.3.mlp.c_fc.weight tensor(397.1171)
transformer.h.3.mlp.c_proj.weight tensor(236.6875)
transformer.h.4.attn.c_q.weight tensor(147.0062)
transformer.h.4.attn.c_k.weight tensor(146.2514)
transformer.h.4.attn.c_v.weight tensor(164.2380)
transformer.h.4.attn.c_proj.weight tensor(230.8322)
transformer.h.4.mlp.c_fc.weight tensor(402.2101)
transformer.h.4.mlp.c_proj.weight tensor(235.9609)
transformer.h.5.attn.c_q.weight tensor(153.3215)
transformer.h.5.attn.c_k.weight tensor(153.5212)
transformer.h.5.attn.c_v.weight tensor(168.9052)
transformer.h.5.attn.c_proj.weight tensor(221.6593)
transformer.h.5.attn.ve_gate.weight tensor(21.7235)
transformer.h.5.mlp.c_fc.weight tensor(409.1584)
transformer.h.5.mlp.c_proj.weight tensor(241.2383)
transformer.h.6.attn.c_q.weight tensor(143.2337)
transformer.h.6.attn.c_k.weight tensor(143.3711)
transformer.h.6.attn.c_v.weight tensor(165.7604)
transformer.h.6.attn.c_proj.weight tensor(234.4722)
transformer.h.6.mlp.c_fc.weight tensor(411.3585)
transformer.h.6.mlp.c_proj.weight tensor(238.6089)
transformer.h.7.attn.c_q.weight tensor(151.0805)
transformer.h.7.attn.c_k.weight tensor(151.9882)
transformer.h.7.attn.c_v.weight tensor(177.7298)
transformer.h.7.attn.c_proj.weight tensor(234.5272)
transformer.h.7.attn.ve_gate.weight tensor(21.9585)
transformer.h.7.mlp.c_fc.weight tensor(417.8571)
transformer.h.7.mlp.c_proj.weight tensor(243.0081)
transformer.h.8.attn.c_q.weight tensor(144.7784)
transformer.h.8.attn.c_k.weight tensor(145.8212)
transformer.h.8.attn.c_v.weight tensor(172.7250)
transformer.h.8.attn.c_proj.weight tensor(244.7111)
transformer.h.8.mlp.c_fc.weight tensor(415.6591)
transformer.h.8.mlp.c_proj.weight tensor(240.1668)
transformer.h.9.attn.c_q.weight tensor(150.8788)
transformer.h.9.attn.c_k.weight tensor(152.0406)
transformer.h.9.attn.c_v.weight tensor(182.8403)
transformer.h.9.attn.c_proj.weight tensor(244.8556)
transformer.h.9.attn.ve_gate.weight tensor(20.1946)
transformer.h.9.mlp.c_fc.weight tensor(424.5683)
transformer.h.9.mlp.c_proj.weight tensor(243.9278)
transformer.h.10.attn.c_q.weight tensor(144.6610)
transformer.h.10.attn.c_k.weight tensor(144.2229)
transformer.h.10.attn.c_v.weight tensor(176.9277)
transformer.h.10.attn.c_proj.weight tensor(253.5571)
transformer.h.10.mlp.c_fc.weight tensor(421.0715)
transformer.h.10.mlp.c_proj.weight tensor(240.7094)
transformer.h.11.attn.c_q.weight tensor(153.1291)
transformer.h.11.attn.c_k.weight tensor(153.7607)
transformer.h.11.attn.c_v.weight tensor(173.7661)
transformer.h.11.attn.c_proj.weight tensor(245.0099)
transformer.h.11.attn.ve_gate.weight tensor(18.9754)
transformer.h.11.mlp.c_fc.weight tensor(429.7002)
transformer.h.11.mlp.c_proj.weight tensor(244.3779)
transformer.h.12.attn.c_q.weight tensor(143.9471)
transformer.h.12.attn.c_k.weight tensor(144.4847)
transformer.h.12.attn.c_v.weight tensor(184.3277)
transformer.h.12.attn.c_proj.weight tensor(274.9968)
transformer.h.12.mlp.c_fc.weight tensor(419.1858)
transformer.h.12.mlp.c_proj.weight tensor(239.3947)
transformer.h.13.attn.c_q.weight tensor(151.3136)
transformer.h.13.attn.c_k.weight tensor(151.8634)
transformer.h.13.attn.c_v.weight tensor(189.0427)
transformer.h.13.attn.c_proj.weight tensor(250.7785)
transformer.h.13.attn.ve_gate.weight tensor(14.8729)
transformer.h.13.mlp.c_fc.weight tensor(429.2405)
transformer.h.13.mlp.c_proj.weight tensor(243.2694)
transformer.h.14.attn.c_q.weight tensor(144.8534)
transformer.h.14.attn.c_k.weight tensor(145.3745)
transformer.h.14.attn.c_v.weight tensor(186.1771)
transformer.h.14.attn.c_proj.weight tensor(279.0817)
transformer.h.14.mlp.c_fc.weight tensor(422.9522)
transformer.h.14.mlp.c_proj.weight tensor(239.6239)
transformer.h.15.attn.c_q.weight tensor(151.1117)
transformer.h.15.attn.c_k.weight tensor(152.4365)
transformer.h.15.attn.c_v.weight tensor(185.0219)
transformer.h.15.attn.c_proj.weight tensor(257.6167)
transformer.h.15.attn.ve_gate.weight tensor(13.7494)
transformer.h.15.mlp.c_fc.weight tensor(431.7771)
transformer.h.15.mlp.c_proj.weight tensor(243.2794)
transformer.h.16.attn.c_q.weight tensor(145.9960)
transformer.h.16.attn.c_k.weight tensor(146.1218)
transformer.h.16.attn.c_v.weight tensor(188.3127)
transformer.h.16.attn.c_proj.weight tensor(285.3864)
transformer.h.16.mlp.c_fc.weight tensor(421.3387)
transformer.h.16.mlp.c_proj.weight tensor(238.8139)
transformer.h.17.attn.c_q.weight tensor(153.2420)
transformer.h.17.attn.c_k.weight tensor(153.9195)
transformer.h.17.attn.c_v.weight tensor(182.5257)
transformer.h.17.attn.c_proj.weight tensor(256.5920)
transformer.h.17.attn.ve_gate.weight tensor(13.2542)
transformer.h.17.mlp.c_fc.weight tensor(428.0714)
transformer.h.17.mlp.c_proj.weight tensor(242.0835)
transformer.h.18.attn.c_q.weight tensor(144.5558)
transformer.h.18.attn.c_k.weight tensor(145.5349)
transformer.h.18.attn.c_v.weight tensor(182.9646)
transformer.h.18.attn.c_proj.weight tensor(289.7696)
transformer.h.18.mlp.c_fc.weight tensor(417.0182)
transformer.h.18.mlp.c_proj.weight tensor(237.6834)
transformer.h.19.attn.c_q.weight tensor(147.5430)
transformer.h.19.attn.c_k.weight tensor(148.9755)
transformer.h.19.attn.c_v.weight tensor(180.5217)
transformer.h.19.attn.c_proj.weight tensor(268.8737)
transformer.h.19.attn.ve_gate.weight tensor(11.7538)
transformer.h.19.mlp.c_fc.weight tensor(423.9859)
transformer.h.19.mlp.c_proj.weight tensor(240.4085)
transformer.h.20.attn.c_q.weight tensor(146.3524)
transformer.h.20.attn.c_k.weight tensor(145.8091)
transformer.h.20.attn.c_v.weight tensor(181.7632)
transformer.h.20.attn.c_proj.weight tensor(285.3249)
transformer.h.20.mlp.c_fc.weight tensor(421.5200)
transformer.h.20.mlp.c_proj.weight tensor(241.7749)
transformer.h.21.attn.c_q.weight tensor(147.9400)
transformer.h.21.attn.c_k.weight tensor(147.6266)
transformer.h.21.attn.c_v.weight tensor(164.8831)
transformer.h.21.attn.c_proj.weight tensor(265.6958)
transformer.h.21.attn.ve_gate.weight tensor(12.3921)
transformer.h.21.mlp.c_fc.weight tensor(422.2873)
transformer.h.21.mlp.c_proj.weight tensor(243.6506)
transformer.h.22.attn.c_q.weight tensor(150.5683)
transformer.h.22.attn.c_k.weight tensor(150.4092)
transformer.h.22.attn.c_v.weight tensor(174.2634)
transformer.h.22.attn.c_proj.weight tensor(278.4134)
transformer.h.22.mlp.c_fc.weight tensor(422.6651)
transformer.h.22.mlp.c_proj.weight tensor(247.8078)
transformer.h.23.attn.c_q.weight tensor(141.6587)
transformer.h.23.attn.c_k.weight tensor(140.8184)
transformer.h.23.attn.c_v.weight tensor(156.7160)
transformer.h.23.attn.c_proj.weight tensor(267.4124)
transformer.h.23.attn.ve_gate.weight tensor(14.0685)
transformer.h.23.mlp.c_fc.weight tensor(405.7935)
transformer.h.23.mlp.c_proj.weight tensor(247.0275)
lm_head.weight tensor(916.2583)
value_embeds.1.weight tensor(76800., dtype=torch.bfloat16)
value_embeds.3.weight tensor(75776., dtype=torch.bfloat16)
value_embeds.5.weight tensor(79872., dtype=torch.bfloat16)
value_embeds.7.weight tensor(78848., dtype=torch.bfloat16)
value_embeds.9.weight tensor(83968., dtype=torch.bfloat16)
value_embeds.11.weight tensor(82944., dtype=torch.bfloat16)
value_embeds.13.weight tensor(90624., dtype=torch.bfloat16)
value_embeds.15.weight tensor(89088., dtype=torch.bfloat16)
value_embeds.17.weight tensor(93696., dtype=torch.bfloat16)
value_embeds.19.weight tensor(94720., dtype=torch.bfloat16)
value_embeds.21.weight tensor(99328., dtype=torch.bfloat16)
value_embeds.23.weight tensor(102912., dtype=torch.bfloat16)
---------------------------------------
Begin Slurm Epilog: Aug-31-2026 19:59:49
Job ID:        12641616
User ID:       clinder9
Account:       gts-mtao8
Job name:      quick
Resources:     cpu=1,mem=100G,node=1
Rsrc Used:     cput=00:00:12,vmem=0,walltime=00:00:12,mem=8767836K,energy_used=0
Partition:     cpu-large
QOS:           inferno
Nodes:         atl1-1-03-004-6-1
---------------------------------------
