---------------------------------------
Begin Slurm Prolog: Aug-31-2026 20:35:30
Job ID:    12642141
User ID:   clinder9
Account:   gts-mtao8
Job name:  quick
Partition: cpu-large
QOS:       inferno
---------------------------------------
Audited 139 packages in 57ms
---------------------------------------
Begin Slurm Epilog: Aug-31-2026 20:35:38
Job ID:        12642141
User ID:       clinder9
Account:       gts-mtao8
Job name:      quick
Resources:     cpu=1,mem=100G,node=1
Rsrc Used:     cput=00:00:09,vmem=0,walltime=00:00:09,mem=8604464K,energy_used=0
Partition:     cpu-large
QOS:           inferno
Nodes:         atl1-1-03-004-6-1
---------------------------------------
