---------------------------------------
Begin Slurm Prolog: Aug-14-2026 22:24:13
Job ID:    11860737
User ID:   clinder9
Account:   gts-mtao8
Job name:  autoresearch
Partition: gpu-v100
QOS:       inferno
---------------------------------------
here
here
Resolved 56 packages in 68ms
Audited 47 packages in 153ms
here
Cache directory: /storage/home/hcoda1/7/clinder9/.cache/autoresearch

Data: all 11 shards already downloaded at /storage/home/hcoda1/7/clinder9/.cache/autoresearch/data

Tokenizer: already trained at /storage/home/hcoda1/7/clinder9/.cache/autoresearch/tokenizer

Done! Ready to train.
here
train
Starting cuda cuda
nproc_per_node 1 1
<class '__main__.GPTConfig'>
type None cuda cuda
Parameter counts:
  wte                     : 25,165,824
  value_embeds            : 150,994,944
  lm_head                 : 25,165,824
  transformer_matrices    : 84,935,808
  scalars                 : 24
  total                   : 286,262,424
attn_m:  []
mat lr:  0.1
mat lr:  0.1
mat lr:  0.1
mat lr:  0.1
stiefel_type:  None
stiefel optimizer is None:  True
/storage/project/r-mtao8-0/clinder9/stiefel-nanochat/.venv/lib/python3.12/site-packages/torch/_inductor/compile_fx.py:2772: UserWarning: Tesla V100-PCIE-16GB does not support bfloat16 compilation natively, skipping
  warnings.warn(
/storage/project/r-mtao8-0/clinder9/stiefel-nanochat/.venv/lib/python3.12/site-packages/torch/_inductor/compile_fx.py:2772: UserWarning: Tesla V100-PCIE-16GB does not support bfloat16 compilation natively, skipping
  warnings.warn(
/storage/project/r-mtao8-0/clinder9/stiefel-nanochat/.venv/lib/python3.12/site-packages/torch/_inductor/compile_fx.py:2772: UserWarning: Tesla V100-PCIE-16GB does not support bfloat16 compilation natively, skipping
  warnings.warn(
/storage/project/r-mtao8-0/clinder9/stiefel-nanochat/.venv/lib/python3.12/site-packages/torch/_inductor/compile_fx.py:2772: UserWarning: Tesla V100-PCIE-16GB does not support bfloat16 compilation natively, skipping
  warnings.warn(
/storage/project/r-mtao8-0/clinder9/stiefel-nanochat/.venv/lib/python3.12/site-packages/torch/_inductor/compile_fx.py:2772: UserWarning: Tesla V100-PCIE-16GB does not support bfloat16 compilation natively, skipping
  warnings.warn(
/storage/project/r-mtao8-0/clinder9/stiefel-nanochat/.venv/lib/python3.12/site-packages/torch/_inductor/compile_fx.py:2772: UserWarning: Tesla V100-PCIE-16GB does not support bfloat16 compilation natively, skipping
  warnings.warn(
Traceback (most recent call last):
  File "/storage/project/r-mtao8-0/clinder9/stiefel-nanochat/train_fullscale.py", line 885, in <module>
    result=train(config,device_type,device)
           ^^^^^^^^^^^^^^^^^^^^^^^^^^^^^^^^
  File "/storage/project/r-mtao8-0/clinder9/stiefel-nanochat/train_fullscale.py", line 693, in train
    loss = model(x, y)
           ^^^^^^^^^^^
  File "/storage/project/r-mtao8-0/clinder9/stiefel-nanochat/.venv/lib/python3.12/site-packages/torch/_dynamo/eval_frame.py", line 414, in __call__
    return super().__call__(*args, **kwargs)
           ^^^^^^^^^^^^^^^^^^^^^^^^^^^^^^^^^
  File "/storage/project/r-mtao8-0/clinder9/stiefel-nanochat/.venv/lib/python3.12/site-packages/torch/nn/modules/module.py", line 1775, in _wrapped_call_impl
    return self._call_impl(*args, **kwargs)
           ^^^^^^^^^^^^^^^^^^^^^^^^^^^^^^^^
  File "/storage/project/r-mtao8-0/clinder9/stiefel-nanochat/.venv/lib/python3.12/site-packages/torch/nn/modules/module.py", line 1786, in _call_impl
    return forward_call(*args, **kwargs)
           ^^^^^^^^^^^^^^^^^^^^^^^^^^^^^
  File "/storage/project/r-mtao8-0/clinder9/stiefel-nanochat/.venv/lib/python3.12/site-packages/torch/_dynamo/eval_frame.py", line 832, in compile_wrapper
    return fn(*args, **kwargs)
           ^^^^^^^^^^^^^^^^^^^
  File "/storage/project/r-mtao8-0/clinder9/stiefel-nanochat/.venv/lib/python3.12/site-packages/torch/nn/modules/module.py", line 1775, in _wrapped_call_impl
    return self._call_impl(*args, **kwargs)
           ^^^^^^^^^^^^^^^^^^^^^^^^^^^^^^^^
  File "/storage/project/r-mtao8-0/clinder9/stiefel-nanochat/.venv/lib/python3.12/site-packages/torch/nn/modules/module.py", line 1786, in _call_impl
    return forward_call(*args, **kwargs)
           ^^^^^^^^^^^^^^^^^^^^^^^^^^^^^
  File "/storage/project/r-mtao8-0/clinder9/stiefel-nanochat/train_fullscale.py", line 358, in forward
    x = block(x, ve, cos_sin, self.window_sizes[i])
        ^^^^^^^^^^^^^^^^^^^^^^^^^^^^^^^^^^^^^^^^^^^
  File "/storage/project/r-mtao8-0/clinder9/stiefel-nanochat/.venv/lib/python3.12/site-packages/torch/nn/modules/module.py", line 1775, in _wrapped_call_impl
    return self._call_impl(*args, **kwargs)
           ^^^^^^^^^^^^^^^^^^^^^^^^^^^^^^^^
  File "/storage/project/r-mtao8-0/clinder9/stiefel-nanochat/.venv/lib/python3.12/site-packages/torch/nn/modules/module.py", line 1786, in _call_impl
    return forward_call(*args, **kwargs)
           ^^^^^^^^^^^^^^^^^^^^^^^^^^^^^
  File "/storage/project/r-mtao8-0/clinder9/stiefel-nanochat/train_fullscale.py", line 148, in forward
    x = x + self.attn(norm(x), ve, cos_sin, window_size)
            ^^^^^^^^^^^^^^^^^^^^^^^^^^^^^^^^^^^^^^^^^^^^
  File "/storage/project/r-mtao8-0/clinder9/stiefel-nanochat/.venv/lib/python3.12/site-packages/torch/nn/modules/module.py", line 1775, in _wrapped_call_impl
    return self._call_impl(*args, **kwargs)
           ^^^^^^^^^^^^^^^^^^^^^^^^^^^^^^^^
  File "/storage/project/r-mtao8-0/clinder9/stiefel-nanochat/.venv/lib/python3.12/site-packages/torch/nn/modules/module.py", line 1786, in _call_impl
    return forward_call(*args, **kwargs)
           ^^^^^^^^^^^^^^^^^^^^^^^^^^^^^
  File "/storage/project/r-mtao8-0/clinder9/stiefel-nanochat/train_fullscale.py", line 119, in forward
    y = F.scaled_dot_product_attention(q, k, v, attn_mask=mask)
        ^^^^^^^^^^^^^^^^^^^^^^^^^^^^^^^^^^^^^^^^^^^^^^^^^^^^^^^
torch.OutOfMemoryError: CUDA out of memory. Tried to allocate 1.50 GiB. GPU 0 has a total capacity of 15.77 GiB of which 1.05 GiB is free. Including non-PyTorch memory, this process has 14.71 GiB memory in use. Of the allocated memory 13.64 GiB is allocated by PyTorch, and 721.62 MiB is reserved by PyTorch but unallocated. If reserved but unallocated memory is large try setting PYTORCH_CUDA_ALLOC_CONF=expandable_segments:True to avoid fragmentation.  See documentation for Memory Management  (https://pytorch.org/docs/stable/notes/cuda.html#environment-variables)
E0814 22:25:19.428000 1333861 torch/distributed/elastic/multiprocessing/api.py:882] failed (exitcode: 1) local_rank: 0 (pid: 1333940) of binary: /storage/project/r-mtao8-0/clinder9/stiefel-nanochat/.venv/bin/python3
Traceback (most recent call last):
  File "/storage/project/r-mtao8-0/clinder9/stiefel-nanochat/.venv/bin/torchrun", line 10, in <module>
    sys.exit(main())
             ^^^^^^
  File "/storage/project/r-mtao8-0/clinder9/stiefel-nanochat/.venv/lib/python3.12/site-packages/torch/distributed/elastic/multiprocessing/errors/__init__.py", line 357, in wrapper
    return f(*args, **kwargs)
           ^^^^^^^^^^^^^^^^^^
  File "/storage/project/r-mtao8-0/clinder9/stiefel-nanochat/.venv/lib/python3.12/site-packages/torch/distributed/run.py", line 936, in main
    run(args)
  File "/storage/project/r-mtao8-0/clinder9/stiefel-nanochat/.venv/lib/python3.12/site-packages/torch/distributed/run.py", line 927, in run
    elastic_launch(
  File "/storage/project/r-mtao8-0/clinder9/stiefel-nanochat/.venv/lib/python3.12/site-packages/torch/distributed/launcher/api.py", line 156, in __call__
    return launch_agent(self._config, self._entrypoint, list(args))
           ^^^^^^^^^^^^^^^^^^^^^^^^^^^^^^^^^^^^^^^^^^^^^^^^^^^^^^^^
  File "/storage/project/r-mtao8-0/clinder9/stiefel-nanochat/.venv/lib/python3.12/site-packages/torch/distributed/launcher/api.py", line 293, in launch_agent
    raise ChildFailedError(
torch.distributed.elastic.multiprocessing.errors.ChildFailedError: 
============================================================
train_fullscale.py FAILED
------------------------------------------------------------
Failures:
  <NO_OTHER_FAILURES>
------------------------------------------------------------
Root Cause (first observed failure):
[0]:
  time      : 2026-08-14_22:25:19
  host      : atl1-1-02-009-35-0.pace.gatech.edu
  rank      : 0 (local_rank: 0)
  exitcode  : 1 (pid: 1333940)
  error_file: <N/A>
  traceback : To enable traceback see: https://pytorch.org/docs/stable/elastic/errors.html
============================================================
---------------------------------------
Begin Slurm Epilog: Aug-14-2026 22:25:19
Job ID:        11860737
User ID:       clinder9
Account:       gts-mtao8
Job name:      autoresearch
Resources:     cpu=12,gres/gpu:v100=1,mem=120G,node=1
Rsrc Used:     cput=00:13:12,vmem=0,walltime=00:01:06,mem=2742284K,energy_used=0
Partition:     gpu-v100
QOS:           inferno
Nodes:         atl1-1-02-009-35-0
---------------------------------------
