---------------------------------------
Begin Slurm Prolog: Sep-03-2026 14:21:16
Job ID:    12791041
User ID:   clinder9
Account:   gts-mtao8
Job name:  quick
Partition: cpu-large
QOS:       inferno
---------------------------------------
Audited 139 packages in 286ms
---------------------------------------
Begin Slurm Epilog: Sep-03-2026 14:21:52
Job ID:        12791041
User ID:       clinder9
Account:       gts-mtao8
Job name:      quick
Resources:     cpu=1,mem=100G,node=1
Rsrc Used:     cput=00:00:40,vmem=0,walltime=00:00:40,mem=17280648K,energy_used=0
Partition:     cpu-large
QOS:           inferno
Nodes:         atl1-1-02-003-30-2
---------------------------------------
